{'act_base_eps': 0.1,
 'act_device': 'cuda:0',
 'act_eps_alpha': 7,
 'action_inputtype': 0,
 'actor_sync_freq': 10,
 'adv_ratio': 0.0,
 'adv_type': 0,
 'aux_weight': 0,
 'batchsize': 128,
 'belief_device': 'cuda:0',
 'belief_model': 'None',
 'boltzmann_act': 0,
 'burn_in_frames': 1000,
 'calcu_loss': False,
 'clone_bot': '',
 'clone_t': 0.02,
 'clone_weight': 0.0,
 'div_type': 1,
 'div_weight': 1,
 'epoch_len': 600,
 'eps': 1.5e-05,
 'eta': 0.9,
 'eval_bomb': 0,
 'gamma': 0.999,
 'grad_clip': 5,
 'group_mm': 1,
 'group_mp': 2,
 'group_pp': 0,
 'hide_action': 0,
 'load_model': '',
 'lr': 6.25e-05,
 'max_len': 80,
 'max_t': 0.1,
 'max_val_mask': False,
 'method': 'iql',
 'min_t': 0.001,
 'multi_step': 3,
 'net': 'lstm',
 'no_sharing': 1,
 'num_epoch': 500,
 'num_fict_sample': 10,
 'num_game_per_thread': 33,
 'num_lstm_layer': 2,
 'num_player': 3,
 'num_t': 80,
 'num_thread': 36,
 'num_update_between_sync': 2500,
 'off_belief': 0,
 'play_styles': 5,
 'prefetch': 3,
 'priority_exponent': 0.9,
 'priority_weight': 0.6,
 'rand_perstep': False,
 'replay_buffer_size': 35000,
 'rnn_hid_dim': 512,
 'sad': 0,
 'save_dir': 'subnet_models/5p_s4_ps5_div1_mm1_mp2_w1',
 'seed': 4,
 'shuffle_color': 0,
 'train_bomb': 0,
 'train_device': 'cuda:0'}
no boltzmann
